// Jest Snapshot v1, https://goo.gl/fbAQLP

exports[`NotFoundComponent should match the snapshot 1`] = `
<app-modal-not-found
  searchParam={[Function String]}
>
  <h5
    class="card-title text-center"
  >
    Not Found
  </h5><h6
    class="card-subtitle mb-2 text-center"
    test-id="message"
  >
    The Requested Goat "TEST" Was Not Found
  </h6>
</app-modal-not-found>
`;
